<html>
<body>
<pre>
<h1>µVision Build Log</h1>
<h2>Tool Versions:</h2>
IDE-Version: µVision V5.37.0.0
Copyright (C) 2022 ARM Ltd and ARM Germany GmbH. All rights reserved.
License Information: LungFei Yip, PolyU, LIC=----
 
Tool Versions:
Toolchain:       MDK-Lite  Version: 5.37.0.0
Toolchain Path:  C:\Keil_v5\ARM\ARMCLANG\Bin
C Compiler:      ArmClang.exe V6.18
Assembler:       Armasm.exe V6.18
Linker/Locator:  ArmLink.exe V6.18
Library Manager: ArmAr.exe V6.18
Hex Converter:   FromElf.exe V6.18
CPU DLL:         SARMCM3.DLL V5.37.0.0
Dialog DLL:      DCM.DLL V1.17.5.0
Target DLL:      UL2CM3.DLL V1.164.7.0
Dialog DLL:      TCM.DLL V1.56.1.0
 
<h2>Project:</h2>
C:\Users\Administrator\Desktop\wheels\test.uvprojx
Project File Date:  06/08/2022

<h2>Output:</h2>
*** Using Compiler 'V6.18', folder: 'C:\Keil_v5\ARM\ARMCLANG\Bin'
Rebuild target 'Target 1'
C:/Users/Administrator/AppData/Local/Arm/Packs/Keil/STM32F1xx_DFP/2.4.0/Device/StdPeriph_Driver/src/misc.c(131): warning: implicit conversion loses integer precision: 'uint32_t' (aka 'unsigned int') to 'uint8_t' (aka 'unsigned char') [-Wimplicit-int-conversion]
    NVIC->IP[NVIC_InitStruct->NVIC_IRQChannel] = tmppriority;
                                               ~ ^~~~~~~~~~~
1 warning generated.
compiling misc.c...
wheels.c(1): warning: In file included from...
C:/Users/Administrator/AppData/Local/Arm/Packs/Keil/STM32F1xx_DFP/2.4.0/Device/Include\stm32f10x.h(8347): warning: In file included from...
./RTE/Device/STM32F103C8\stm32f10x_conf.h(87): warning: In file included from...
C:/Users/Administrator/AppData/Local/Arm/Packs/Keil/STM32F1xx_DFP/2.4.0/Device/StdPeriph_Driver/inc\stm32f10x_tim.h(50): warning: padding size of 'TIM_TimeBaseInitTypeDef' with 1 byte to alignment boundary [-Wpadded]
typedef struct
        ^
wheels.c(29): warning: mixing declarations and code is incompatible with standards before C99 [-Wdeclaration-after-statement]
        GPIO_InitTypeDef GPIO_InitStructure;
                         ^
wheels.c(23): warning: no previous prototype for function 'init' [-Wmissing-prototypes]
void init(void)
     ^
wheels.c(23): note: declare 'static' if the function is not intended to be used outside of this translation unit
void init(void)
^
static 
wheels.c(76): warning: no previous prototype for function 'leftforward' [-Wmissing-prototypes]
void leftforward(unsigned short pwm)
     ^
wheels.c(76): note: declare 'static' if the function is not intended to be used outside of this translation unit
void leftforward(unsigned short pwm)
^
static 
wheels.c(92): warning: no previous prototype for function 'rightforward' [-Wmissing-prototypes]
void rightforward(unsigned short pwm)
     ^
wheels.c(92): note: declare 'static' if the function is not intended to be used outside of this translation unit
void rightforward(unsigned short pwm)
^
static 
wheels.c(107): warning: no previous prototype for function 'leftbackward' [-Wmissing-prototypes]
void leftbackward(unsigned short pwm)
     ^
wheels.c(107): note: declare 'static' if the function is not intended to be used outside of this translation unit
void leftbackward(unsigned short pwm)
^
static 
wheels.c(122): warning: no previous prototype for function 'rightbackward' [-Wmissing-prototypes]
void rightbackward(unsigned short pwm)
     ^
wheels.c(122): note: declare 'static' if the function is not intended to be used outside of this translation unit
void rightbackward(unsigned short pwm)
^
static 
wheels.c(1): warning: In file included from...
C:/Users/Administrator/AppData/Local/Arm/Packs/Keil/STM32F1xx_DFP/2.4.0/Device/Include\stm32f10x.h(8347): warning: In file included from...
./RTE/Device/STM32F103C8\stm32f10x_conf.h(90): warning: In file included from...
C:/Users/Administrator/AppData/Local/Arm/Packs/Keil/STM32F1xx_DFP/2.4.0/Device/StdPeriph_Driver/inc\stm32f10x_usart.h(49): warning: padding size of 'USART_InitTypeDef' with 2 bytes to alignment boundary [-Wpadded]
typedef struct
        ^
wheels.c(141): warning: mixing declarations and code is incompatible with standards before C99 [-Wdeclaration-after-statement]
        GPIO_InitTypeDef GPIO_InitStructure;
                         ^
wheels.c(137): warning: no previous prototype for function 'usart3_init' [-Wmissing-prototypes]
void usart3_init(){
     ^
wheels.c(137): note: declare 'static' if the function is not intended to be used outside of this translation unit
void usart3_init(){
^
static 
wheels.c(137): warning: this old-style function definition is not preceded by a prototype [-Wstrict-prototypes]
void usart3_init(){
                ^
wheels.c(171): warning: mixing declarations and code is incompatible with standards before C99 [-Wdeclaration-after-statement]
        GPIO_InitTypeDef gpio_init;
                         ^
wheels.c(165): warning: no previous prototype for function 'USART2_init' [-Wmissing-prototypes]
void USART2_init(void)
     ^
wheels.c(165): note: declare 'static' if the function is not intended to be used outside of this translation unit
void USART2_init(void)
^
static 
wheels.c(196): warning: no previous extern declaration for non-static variable 'a' [-Wmissing-variable-declarations]
char a='a';
     ^
wheels.c(196): note: declare 'static' if the variable is not intended to be used outside of this translation unit
char a='a';
^
wheels.c(198): warning: no previous extern declaration for non-static variable 'msg' [-Wmissing-variable-declarations]
uint8_t msg=0;
        ^
wheels.c(198): note: declare 'static' if the variable is not intended to be used outside of this translation unit
uint8_t msg=0;
^
wheels.c(199): warning: no previous extern declaration for non-static variable 'state' [-Wmissing-variable-declarations]
int state=0;
    ^
wheels.c(199): note: declare 'static' if the variable is not intended to be used outside of this translation unit
int state=0;
^
wheels.c(200): warning: no previous extern declaration for non-static variable 'count' [-Wmissing-variable-declarations]
int count=0;
    ^
wheels.c(200): note: declare 'static' if the variable is not intended to be used outside of this translation unit
int count=0;
^
wheels.c(197): warning: no previous extern declaration for non-static variable 'ch' [-Wmissing-variable-declarations]
unsigned char ch;
              ^
wheels.c(197): note: declare 'static' if the variable is not intended to be used outside of this translation unit
unsigned char ch;
^
wheels.c(201): warning: no previous extern declaration for non-static variable 'temp' [-Wmissing-variable-declarations]
char temp;
     ^
wheels.c(201): note: declare 'static' if the variable is not intended to be used outside of this translation unit
char temp;
^
19 warnings generated.
compiling wheels.c...
C:/Users/Administrator/AppData/Local/Arm/Packs/Keil/STM32F1xx_DFP/2.4.0/Device/StdPeriph_Driver/src/stm32f10x_adc.c(22): warning: In file included from...
C:/Users/Administrator/AppData/Local/Arm/Packs/Keil/STM32F1xx_DFP/2.4.0/Device/StdPeriph_Driver/inc\stm32f10x_adc.h(63): warning: padding struct 'ADC_InitTypeDef' with 2 bytes to align 'ADC_ExternalTrigConv' [-Wpadded]
  uint32_t ADC_ExternalTrigConv;          /*!< Defines the external trigger used to start the analog
           ^
C:/Users/Administrator/AppData/Local/Arm/Packs/Keil/STM32F1xx_DFP/2.4.0/Device/StdPeriph_Driver/inc\stm32f10x_adc.h(49): warning: padding size of 'ADC_InitTypeDef' with 3 bytes to alignment boundary [-Wpadded]
typedef struct
        ^
2 warnings generated.
compiling stm32f10x_adc.c...
compiling stm32f10x_bkp.c...
compiling stm32f10x_crc.c...
C:/Users/Administrator/AppData/Local/Arm/Packs/Keil/STM32F1xx_DFP/2.4.0/Device/StdPeriph_Driver/src/stm32f10x_cec.c(144): warning: implicit conversion loses integer precision: 'volatile uint32_t' (aka 'volatile unsigned int') to 'uint16_t' (aka 'unsigned short') [-Wimplicit-int-conversion]
  tmpreg = CEC->CFGR;
         ~ ~~~~~^~~~
1 warning generated.
compiling stm32f10x_cec.c...
C:/Users/Administrator/AppData/Local/Arm/Packs/Keil/STM32F1xx_DFP/2.4.0/Device/StdPeriph_Driver/src/stm32f10x_can.c(22): warning: In file included from...
C:/Users/Administrator/AppData/Local/Arm/Packs/Keil/STM32F1xx_DFP/2.4.0/Device/StdPeriph_Driver/inc\stm32f10x_can.h(144): warning: padding size of 'CanTxMsg' with 1 byte to alignment boundary [-Wpadded]
typedef struct
        ^
1 warning generated.
compiling stm32f10x_can.c...
compiling stm32f10x_dbgmcu.c...
compiling stm32f10x_dac.c...
compiling stm32f10x_dma.c...
C:/Users/Administrator/AppData/Local/Arm/Packs/Keil/STM32F1xx_DFP/2.4.0/Device/StdPeriph_Driver/src/stm32f10x_exti.c(22): warning: In file included from...
C:/Users/Administrator/AppData/Local/Arm/Packs/Keil/STM32F1xx_DFP/2.4.0/Device/StdPeriph_Driver/inc\stm32f10x_exti.h(75): warning: padding size of 'EXTI_InitTypeDef' with 1 byte to alignment boundary [-Wpadded]
typedef struct
        ^
1 warning generated.
compiling stm32f10x_exti.c...
compiling stm32f10x_fsmc.c...
compiling stm32f10x_flash.c...
compiling stm32f10x_gpio.c...
compiling stm32f10x_iwdg.c...
C:/Users/Administrator/AppData/Local/Arm/Packs/Keil/STM32F1xx_DFP/2.4.0/Device/StdPeriph_Driver/src/stm32f10x_i2c.c(22): warning: In file included from...
C:/Users/Administrator/AppData/Local/Arm/Packs/Keil/STM32F1xx_DFP/2.4.0/Device/StdPeriph_Driver/inc\stm32f10x_i2c.h(49): warning: padding size of 'I2C_InitTypeDef' with 2 bytes to alignment boundary [-Wpadded]
typedef struct
        ^
1 warning generated.
compiling stm32f10x_i2c.c...
compiling stm32f10x_pwr.c...
compiling stm32f10x_rcc.c...
compiling stm32f10x_rtc.c...
C:/Users/Administrator/AppData/Local/Arm/Packs/Keil/STM32F1xx_DFP/2.4.0/Device/StdPeriph_Driver/src/stm32f10x_sdio.c(22): warning: In file included from...
C:/Users/Administrator/AppData/Local/Arm/Packs/Keil/STM32F1xx_DFP/2.4.0/Device/StdPeriph_Driver/inc\stm32f10x_sdio.h(45): warning: padding size of 'SDIO_InitTypeDef' with 3 bytes to alignment boundary [-Wpadded]
typedef struct
        ^
1 warning generated.
compiling stm32f10x_sdio.c...
C:/Users/Administrator/AppData/Local/Arm/Packs/Keil/STM32F1xx_DFP/2.4.0/Device/StdPeriph_Driver/src/stm32f10x_spi.c(22): warning: In file included from...
C:/Users/Administrator/AppData/Local/Arm/Packs/Keil/STM32F1xx_DFP/2.4.0/Device/StdPeriph_Driver/inc\stm32f10x_spi.h(86): warning: padding size of 'I2S_InitTypeDef' with 2 bytes to alignment boundary [-Wpadded]
typedef struct
        ^
C:/Users/Administrator/AppData/Local/Arm/Packs/Keil/STM32F1xx_DFP/2.4.0/Device/StdPeriph_Driver/src/stm32f10x_spi.c(493): warning: implicit conversion loses integer precision: 'int' to 'uint16_t' (aka 'unsigned short') [-Wimplicit-int-conversion]
  itmask = (uint16_t)1 << (uint16_t)itpos;
         ~ ~~~~~~~~~~~~^~~~~~~~~~~~~~~~~~
C:/Users/Administrator/AppData/Local/Arm/Packs/Keil/STM32F1xx_DFP/2.4.0/Device/StdPeriph_Driver/src/stm32f10x_spi.c(838): warning: implicit conversion loses integer precision: 'int' to 'uint16_t' (aka 'unsigned short') [-Wimplicit-int-conversion]
  itpos = 0x01 << (SPI_I2S_IT & 0x0F);
        ~ ~~~~~^~~~~~~~~~~~~~~~~~~~~~
C:/Users/Administrator/AppData/Local/Arm/Packs/Keil/STM32F1xx_DFP/2.4.0/Device/StdPeriph_Driver/src/stm32f10x_spi.c(844): warning: implicit conversion loses integer precision: 'int' to 'uint16_t' (aka 'unsigned short') [-Wimplicit-int-conversion]
  itmask = 0x01 << itmask;
         ~ ~~~~~^~~~~~~~~
C:/Users/Administrator/AppData/Local/Arm/Packs/Keil/STM32F1xx_DFP/2.4.0/Device/StdPeriph_Driver/src/stm32f10x_spi.c(890): warning: implicit conversion loses integer precision: 'int' to 'uint16_t' (aka 'unsigned short') [-Wimplicit-int-conversion]
  itpos = 0x01 << (SPI_I2S_IT & 0x0F);
        ~ ~~~~~^~~~~~~~~~~~~~~~~~~~~~
5 warnings generated.
compiling stm32f10x_spi.c...
C:/Users/Administrator/AppData/Local/Arm/Packs/Keil/STM32F1xx_DFP/2.4.0/Device/StdPeriph_Driver/src/stm32f10x_usart.c(22): warning: In file included from...
C:/Users/Administrator/AppData/Local/Arm/Packs/Keil/STM32F1xx_DFP/2.4.0/Device/StdPeriph_Driver/inc\stm32f10x_usart.h(49): warning: padding size of 'USART_InitTypeDef' with 2 bytes to alignment boundary [-Wpadded]
typedef struct
        ^
C:/Users/Administrator/AppData/Local/Arm/Packs/Keil/STM32F1xx_DFP/2.4.0/Device/StdPeriph_Driver/src/stm32f10x_usart.c(1043): warning: implicit conversion loses integer precision: 'int' to 'uint16_t' (aka 'unsigned short') [-Wimplicit-int-conversion]
  itmask = ((uint16_t)0x01 << (uint16_t)bitpos);
         ~  ~~~~~~~~~~~~~~~^~~~~~~~~~~~~~~~~~~
2 warnings generated.
compiling stm32f10x_usart.c...
assembling startup_stm32f10x_md.s...
C:/Users/Administrator/AppData/Local/Arm/Packs/Keil/STM32F1xx_DFP/2.4.0/Device/StdPeriph_Driver/src/stm32f10x_tim.c(22): warning: In file included from...
C:/Users/Administrator/AppData/Local/Arm/Packs/Keil/STM32F1xx_DFP/2.4.0/Device/StdPeriph_Driver/inc\stm32f10x_tim.h(50): warning: padding size of 'TIM_TimeBaseInitTypeDef' with 1 byte to alignment boundary [-Wpadded]
typedef struct
        ^
C:/Users/Administrator/AppData/Local/Arm/Packs/Keil/STM32F1xx_DFP/2.4.0/Device/StdPeriph_Driver/src/stm32f10x_tim.c(725): warning: implicit conversion loses integer precision: 'unsigned int' to 'uint16_t' (aka 'unsigned short') [-Wimplicit-int-conversion]
             TIM_BDTRInitStruct->TIM_Break | TIM_BDTRInitStruct->TIM_BreakPolarity |
             ~~~~~~~~~~~~~~~~~~~~~~~~~~~~~~~~~~~~~~~~~~~~~~~~~~~~~~~~~~~~~~~~~~~~~~^
C:/Users/Administrator/AppData/Local/Arm/Packs/Keil/STM32F1xx_DFP/2.4.0/Device/StdPeriph_Driver/src/stm32f10x_tim.c(1982): warning: implicit conversion loses integer precision: 'int' to 'uint16_t' (aka 'unsigned short') [-Wimplicit-int-conversion]
  tmp = CCER_CCE_Set << TIM_Channel;
      ~ ~~~~~~~~~~~~~^~~~~~~~~~~~~~
C:/Users/Administrator/AppData/Local/Arm/Packs/Keil/STM32F1xx_DFP/2.4.0/Device/StdPeriph_Driver/src/stm32f10x_tim.c(2012): warning: implicit conversion loses integer precision: 'int' to 'uint16_t' (aka 'unsigned short') [-Wimplicit-int-conversion]
  tmp = CCER_CCNE_Set << TIM_Channel;
      ~ ~~~~~~~~~~~~~~^~~~~~~~~~~~~~
C:/Users/Administrator/AppData/Local/Arm/Packs/Keil/STM32F1xx_DFP/2.4.0/Device/StdPeriph_Driver/src/stm32f10x_tim.c(2057): warning: implicit conversion loses integer precision: 'int' to 'uint16_t' (aka 'unsigned short') [-Wimplicit-int-conversion]
  tmp1 = CCER_CCE_Set << (uint16_t)TIM_Channel;
       ~ ~~~~~~~~~~~~~^~~~~~~~~~~~~~~~~~~~~~~~
5 warnings generated.
compiling stm32f10x_tim.c...
compiling stm32f10x_wwdg.c...
RTE/Device/STM32F103C8/system_stm32f10x.c(167): warning: no previous extern declaration for non-static variable 'AHBPrescTable' [-Wmissing-variable-declarations]
__I uint8_t AHBPrescTable[16] = {0, 0, 0, 0, 0, 0, 0, 0, 1, 2, 3, 4, 6, 7, 8, 9};
            ^
RTE/Device/STM32F103C8/system_stm32f10x.c(167): note: declare 'static' if the variable is not intended to be used outside of this translation unit
__I uint8_t AHBPrescTable[16] = {0, 0, 0, 0, 0, 0, 0, 0, 1, 2, 3, 4, 6, 7, 8, 9};
    ^
1 warning generated.
compiling system_stm32f10x.c...
linking...
Program Size: Code=2928 RO-data=272 RW-data=0 ZI-data=1640  
FromELF: creating hex file...
".\Objects\test.axf" - 0 Error(s), 40 Warning(s).

<h2>Software Packages used:</h2>

Package Vendor: ARM
                http://www.keil.com/pack/ARM.CMSIS.5.9.0.pack
                ARM.CMSIS.5.9.0
                CMSIS (Common Microcontroller Software Interface Standard)
   * Component: CORE Version: 5.6.0

Package Vendor: Keil
                http://www.keil.com/pack/Keil.STM32F1xx_DFP.2.4.0.pack
                Keil.STM32F1xx_DFP.2.4.0
                STMicroelectronics STM32F1 Series Device Support, Drivers and Examples
   * Component: Startup Version: 1.0.0
   * Component: ADC Version: 3.6.0
   * Component: BKP Version: 3.6.0
   * Component: CAN Version: 3.6.0
   * Component: CEC Version: 3.6.0
   * Component: CRC Version: 3.6.0
   * Component: DAC Version: 3.6.0
   * Component: DBGMCU Version: 3.6.0
   * Component: DMA Version: 3.6.0
   * Component: EXTI Version: 3.6.0
   * Component: FSMC Version: 3.6.0
   * Component: Flash Version: 3.6.0
   * Component: Framework Version: 3.6.0
   * Component: GPIO Version: 3.6.0
   * Component: I2C Version: 3.6.0
   * Component: IWDG Version: 3.6.0
   * Component: PWR Version: 3.6.0
   * Component: RCC Version: 3.6.0
   * Component: RTC Version: 3.6.0
   * Component: SDIO Version: 3.6.0
   * Component: SPI Version: 3.6.0
   * Component: TIM Version: 3.6.0
   * Component: USART Version: 3.6.0
   * Component: WWDG Version: 3.6.0

<h2>Collection of Component include folders:</h2>
  ./RTE/Device/STM32F103C8
  ./RTE/_Target_1
  C:/Users/Administrator/AppData/Local/Arm/Packs/ARM/CMSIS/5.9.0/CMSIS/Core/Include
  C:/Users/Administrator/AppData/Local/Arm/Packs/Keil/STM32F1xx_DFP/2.4.0/Device/Include
  C:/Users/Administrator/AppData/Local/Arm/Packs/Keil/STM32F1xx_DFP/2.4.0/Device/StdPeriph_Driver/inc

<h2>Collection of Component Files used:</h2>

   * Component: ARM::CMSIS:CORE:5.6.0

   * Component: Keil::Device:Startup:1.0.0
      Source file:   Device/Source/ARM/startup_stm32f10x_md.s
      Source file:   Device/Source/system_stm32f10x.c
      Include file:  RTE_Driver/Config/RTE_Device.h
      Source file:   Device/Source/ARM/STM32F1xx_OPT.s

   * Component: Keil::Device:StdPeriph Drivers:ADC:3.6.0
      Include file:  Device/StdPeriph_Driver/inc/stm32f10x_adc.h
      Source file:   Device/StdPeriph_Driver/src/stm32f10x_adc.c

   * Component: Keil::Device:StdPeriph Drivers:BKP:3.6.0
      Source file:   Device/StdPeriph_Driver/src/stm32f10x_bkp.c
      Include file:  Device/StdPeriph_Driver/inc/stm32f10x_bkp.h

   * Component: Keil::Device:StdPeriph Drivers:CAN:3.6.0
      Include file:  Device/StdPeriph_Driver/inc/stm32f10x_can.h
      Source file:   Device/StdPeriph_Driver/src/stm32f10x_can.c

   * Component: Keil::Device:StdPeriph Drivers:CEC:3.6.0
      Include file:  Device/StdPeriph_Driver/inc/stm32f10x_cec.h
      Source file:   Device/StdPeriph_Driver/src/stm32f10x_cec.c

   * Component: Keil::Device:StdPeriph Drivers:CRC:3.6.0
      Include file:  Device/StdPeriph_Driver/inc/stm32f10x_crc.h
      Source file:   Device/StdPeriph_Driver/src/stm32f10x_crc.c

   * Component: Keil::Device:StdPeriph Drivers:DAC:3.6.0
      Include file:  Device/StdPeriph_Driver/inc/stm32f10x_dac.h
      Source file:   Device/StdPeriph_Driver/src/stm32f10x_dac.c

   * Component: Keil::Device:StdPeriph Drivers:DBGMCU:3.6.0
      Source file:   Device/StdPeriph_Driver/src/stm32f10x_dbgmcu.c
      Include file:  Device/StdPeriph_Driver/inc/stm32f10x_dbgmcu.h

   * Component: Keil::Device:StdPeriph Drivers:DMA:3.6.0
      Include file:  Device/StdPeriph_Driver/inc/stm32f10x_dma.h
      Source file:   Device/StdPeriph_Driver/src/stm32f10x_dma.c

   * Component: Keil::Device:StdPeriph Drivers:EXTI:3.6.0
      Source file:   Device/StdPeriph_Driver/src/stm32f10x_exti.c
      Include file:  Device/StdPeriph_Driver/inc/stm32f10x_exti.h

   * Component: Keil::Device:StdPeriph Drivers:FSMC:3.6.0
      Include file:  Device/StdPeriph_Driver/inc/stm32f10x_fsmc.h
      Source file:   Device/StdPeriph_Driver/src/stm32f10x_fsmc.c

   * Component: Keil::Device:StdPeriph Drivers:Flash:3.6.0
      Include file:  Device/StdPeriph_Driver/inc/stm32f10x_flash.h
      Source file:   Device/StdPeriph_Driver/src/stm32f10x_flash.c

   * Component: Keil::Device:StdPeriph Drivers:Framework:3.6.0
      Source file:   Device/StdPeriph_Driver/src/misc.c
      Include file:  Device/StdPeriph_Driver/templates/stm32f10x_it.h
      Source file:   Device/StdPeriph_Driver/templates/stm32f10x_it.c
      Source file:   Device/StdPeriph_Driver/templates/stm32f10x_conf.h
      Include file:  Device/StdPeriph_Driver/inc/misc.h

   * Component: Keil::Device:StdPeriph Drivers:GPIO:3.6.0
      Source file:   Device/StdPeriph_Driver/src/stm32f10x_gpio.c
      Include file:  Device/StdPeriph_Driver/inc/stm32f10x_gpio.h

   * Component: Keil::Device:StdPeriph Drivers:I2C:3.6.0
      Include file:  Device/StdPeriph_Driver/inc/stm32f10x_i2c.h
      Source file:   Device/StdPeriph_Driver/src/stm32f10x_i2c.c

   * Component: Keil::Device:StdPeriph Drivers:IWDG:3.6.0
      Include file:  Device/StdPeriph_Driver/inc/stm32f10x_iwdg.h
      Source file:   Device/StdPeriph_Driver/src/stm32f10x_iwdg.c

   * Component: Keil::Device:StdPeriph Drivers:PWR:3.6.0
      Source file:   Device/StdPeriph_Driver/src/stm32f10x_pwr.c
      Include file:  Device/StdPeriph_Driver/inc/stm32f10x_pwr.h

   * Component: Keil::Device:StdPeriph Drivers:RCC:3.6.0
      Source file:   Device/StdPeriph_Driver/src/stm32f10x_rcc.c
      Include file:  Device/StdPeriph_Driver/inc/stm32f10x_rcc.h

   * Component: Keil::Device:StdPeriph Drivers:RTC:3.6.0
      Include file:  Device/StdPeriph_Driver/inc/stm32f10x_rtc.h
      Source file:   Device/StdPeriph_Driver/src/stm32f10x_rtc.c

   * Component: Keil::Device:StdPeriph Drivers:SDIO:3.6.0
      Include file:  Device/StdPeriph_Driver/inc/stm32f10x_sdio.h
      Source file:   Device/StdPeriph_Driver/src/stm32f10x_sdio.c

   * Component: Keil::Device:StdPeriph Drivers:SPI:3.6.0
      Include file:  Device/StdPeriph_Driver/inc/stm32f10x_spi.h
      Source file:   Device/StdPeriph_Driver/src/stm32f10x_spi.c

   * Component: Keil::Device:StdPeriph Drivers:TIM:3.6.0
      Source file:   Device/StdPeriph_Driver/src/stm32f10x_tim.c
      Include file:  Device/StdPeriph_Driver/inc/stm32f10x_tim.h

   * Component: Keil::Device:StdPeriph Drivers:USART:3.6.0
      Include file:  Device/StdPeriph_Driver/inc/stm32f10x_usart.h
      Source file:   Device/StdPeriph_Driver/src/stm32f10x_usart.c

   * Component: Keil::Device:StdPeriph Drivers:WWDG:3.6.0
      Include file:  Device/StdPeriph_Driver/inc/stm32f10x_wwdg.h
      Source file:   Device/StdPeriph_Driver/src/stm32f10x_wwdg.c
Build Time Elapsed:  00:00:07
</pre>
</body>
</html>
