<html>
<body>
<pre>
<h1>µVision Build Log</h1>
<h2>Tool Versions:</h2>
IDE-Version: µVision V5.37.0.0
Copyright (C) 2022 ARM Ltd and ARM Germany GmbH. All rights reserved.
License Information: LungFei Yip, PolyU, LIC=----
 
Tool Versions:
Toolchain:       MDK-Lite  Version: 5.37.0.0
Toolchain Path:  C:\Keil_v5\ARM\ARMCLANG\Bin
C Compiler:      ArmClang.exe V6.18
Assembler:       Armasm.exe V6.18
Linker/Locator:  ArmLink.exe V6.18
Library Manager: ArmAr.exe V6.18
Hex Converter:   FromElf.exe V6.18
CPU DLL:         SARMCM3.DLL V5.37.0.0
Dialog DLL:      DCM.DLL V1.17.5.0
Target DLL:      UL2CM3.DLL V1.164.7.0
Dialog DLL:      TCM.DLL V1.56.1.0
 
<h2>Project:</h2>
C:\Users\Administrator\Desktop\uVision\demo2\demo2.uvprojx
Project File Date:  08/11/2022

<h2>Output:</h2>
*** Using Compiler 'V6.18', folder: 'C:\Keil_v5\ARM\ARMCLANG\Bin'
Build target 'Target 1'
sensor.cpp(13): warning: no previous extern declaration for non-static variable 'sensor' [-Wmissing-variable-declarations]
char sensor[8]={0};
     ^
sensor.cpp(13): note: declare 'static' if the variable is not intended to be used outside of this translation unit
char sensor[8]={0};
^
sensor.cpp(14): warning: no previous extern declaration for non-static variable 'error' [-Wmissing-variable-declarations]
int error=0;
    ^
sensor.cpp(14): note: declare 'static' if the variable is not intended to be used outside of this translation unit
int error=0;
^
sensor.cpp(15): warning: no previous extern declaration for non-static variable 'count' [-Wmissing-variable-declarations]
int count=0;
    ^
sensor.cpp(15): note: declare 'static' if the variable is not intended to be used outside of this translation unit
int count=0;
^
sensor.cpp(16): warning: no previous extern declaration for non-static variable 'temp' [-Wmissing-variable-declarations]
int temp=0;
    ^
sensor.cpp(16): note: declare 'static' if the variable is not intended to be used outside of this translation unit
int temp=0;
^
sensor.cpp(17): warning: no previous extern declaration for non-static variable 'flag' [-Wmissing-variable-declarations]
int flag=0;
    ^
sensor.cpp(17): note: declare 'static' if the variable is not intended to be used outside of this translation unit
int flag=0;
^
sensor.cpp(18): warning: no previous extern declaration for non-static variable 'inner_circle_count' [-Wmissing-variable-declarations]
int inner_circle_count=0;
    ^
sensor.cpp(18): note: declare 'static' if the variable is not intended to be used outside of this translation unit
int inner_circle_count=0;
^
sensor.cpp(19): warning: no previous extern declaration for non-static variable 'last' [-Wmissing-variable-declarations]
char last=0x00;
     ^
sensor.cpp(19): note: declare 'static' if the variable is not intended to be used outside of this translation unit
char last=0x00;
^
sensor.cpp(20): warning: no previous extern declaration for non-static variable 'state' [-Wmissing-variable-declarations]
int state=0;
    ^
sensor.cpp(20): note: declare 'static' if the variable is not intended to be used outside of this translation unit
int state=0;
^
sensor.cpp(36): warning: unused variable 'd' [-Wunused-variable]
        char d=c & 0x18;
             ^
sensor.cpp(22): warning: no previous prototype for function 'read_sensor' [-Wmissing-prototypes]
void read_sensor(void){
     ^
sensor.cpp(22): note: declare 'static' if the function is not intended to be used outside of this translation unit
void read_sensor(void){
^
static 
sensor.cpp(315): warning: no newline at end of file [-Wnewline-eof]
//      }
         ^
11 warnings generated.
compiling sensor.cpp...
linking...
Program Size: Code=5424 RO-data=284 RW-data=4 ZI-data=1824  
FromELF: creating hex file...
".\Objects\demo2.axf" - 0 Error(s), 11 Warning(s).

<h2>Software Packages used:</h2>

Package Vendor: ARM
                http://www.keil.com/pack/ARM.CMSIS.5.9.0.pack
                ARM.CMSIS.5.9.0
                CMSIS (Common Microcontroller Software Interface Standard)
   * Component: CORE Version: 5.6.0

Package Vendor: Keil
                http://www.keil.com/pack/Keil.STM32F1xx_DFP.2.4.0.pack
                Keil.STM32F1xx_DFP.2.4.0
                STMicroelectronics STM32F1 Series Device Support, Drivers and Examples
   * Component: Startup Version: 1.0.0
   * Component: ADC Version: 3.6.0
   * Component: BKP Version: 3.6.0
   * Component: CAN Version: 3.6.0
   * Component: CEC Version: 3.6.0
   * Component: CRC Version: 3.6.0
   * Component: DAC Version: 3.6.0
   * Component: DBGMCU Version: 3.6.0
   * Component: DMA Version: 3.6.0
   * Component: EXTI Version: 3.6.0
   * Component: FSMC Version: 3.6.0
   * Component: Flash Version: 3.6.0
   * Component: Framework Version: 3.6.0
   * Component: GPIO Version: 3.6.0
   * Component: I2C Version: 3.6.0
   * Component: IWDG Version: 3.6.0
   * Component: PWR Version: 3.6.0
   * Component: RCC Version: 3.6.0
   * Component: RTC Version: 3.6.0
   * Component: SDIO Version: 3.6.0
   * Component: SPI Version: 3.6.0
   * Component: TIM Version: 3.6.0
   * Component: USART Version: 3.6.0
   * Component: WWDG Version: 3.6.0

<h2>Collection of Component include folders:</h2>
  ./RTE/Device/STM32F103C8
  ./RTE/_Target_1
  C:/Users/Administrator/AppData/Local/Arm/Packs/ARM/CMSIS/5.9.0/CMSIS/Core/Include
  C:/Users/Administrator/AppData/Local/Arm/Packs/Keil/STM32F1xx_DFP/2.4.0/Device/Include
  C:/Users/Administrator/AppData/Local/Arm/Packs/Keil/STM32F1xx_DFP/2.4.0/Device/StdPeriph_Driver/inc

<h2>Collection of Component Files used:</h2>

   * Component: ARM::CMSIS:CORE:5.6.0

   * Component: Keil::Device:Startup:1.0.0
      Source file:   Device/Source/ARM/STM32F1xx_OPT.s
      Source file:   Device/Source/ARM/startup_stm32f10x_md.s
      Source file:   Device/Source/system_stm32f10x.c
      Include file:  RTE_Driver/Config/RTE_Device.h

   * Component: Keil::Device:StdPeriph Drivers:ADC:3.6.0
      Include file:  Device/StdPeriph_Driver/inc/stm32f10x_adc.h
      Source file:   Device/StdPeriph_Driver/src/stm32f10x_adc.c

   * Component: Keil::Device:StdPeriph Drivers:BKP:3.6.0
      Include file:  Device/StdPeriph_Driver/inc/stm32f10x_bkp.h
      Source file:   Device/StdPeriph_Driver/src/stm32f10x_bkp.c

   * Component: Keil::Device:StdPeriph Drivers:CAN:3.6.0
      Include file:  Device/StdPeriph_Driver/inc/stm32f10x_can.h
      Source file:   Device/StdPeriph_Driver/src/stm32f10x_can.c

   * Component: Keil::Device:StdPeriph Drivers:CEC:3.6.0
      Include file:  Device/StdPeriph_Driver/inc/stm32f10x_cec.h
      Source file:   Device/StdPeriph_Driver/src/stm32f10x_cec.c

   * Component: Keil::Device:StdPeriph Drivers:CRC:3.6.0
      Source file:   Device/StdPeriph_Driver/src/stm32f10x_crc.c
      Include file:  Device/StdPeriph_Driver/inc/stm32f10x_crc.h

   * Component: Keil::Device:StdPeriph Drivers:DAC:3.6.0
      Include file:  Device/StdPeriph_Driver/inc/stm32f10x_dac.h
      Source file:   Device/StdPeriph_Driver/src/stm32f10x_dac.c

   * Component: Keil::Device:StdPeriph Drivers:DBGMCU:3.6.0
      Include file:  Device/StdPeriph_Driver/inc/stm32f10x_dbgmcu.h
      Source file:   Device/StdPeriph_Driver/src/stm32f10x_dbgmcu.c

   * Component: Keil::Device:StdPeriph Drivers:DMA:3.6.0
      Include file:  Device/StdPeriph_Driver/inc/stm32f10x_dma.h
      Source file:   Device/StdPeriph_Driver/src/stm32f10x_dma.c

   * Component: Keil::Device:StdPeriph Drivers:EXTI:3.6.0
      Source file:   Device/StdPeriph_Driver/src/stm32f10x_exti.c
      Include file:  Device/StdPeriph_Driver/inc/stm32f10x_exti.h

   * Component: Keil::Device:StdPeriph Drivers:FSMC:3.6.0
      Include file:  Device/StdPeriph_Driver/inc/stm32f10x_fsmc.h
      Source file:   Device/StdPeriph_Driver/src/stm32f10x_fsmc.c

   * Component: Keil::Device:StdPeriph Drivers:Flash:3.6.0
      Source file:   Device/StdPeriph_Driver/src/stm32f10x_flash.c
      Include file:  Device/StdPeriph_Driver/inc/stm32f10x_flash.h

   * Component: Keil::Device:StdPeriph Drivers:Framework:3.6.0
      Source file:   Device/StdPeriph_Driver/src/misc.c
      Include file:  Device/StdPeriph_Driver/inc/misc.h
      Include file:  Device/StdPeriph_Driver/templates/stm32f10x_it.h
      Source file:   Device/StdPeriph_Driver/templates/stm32f10x_conf.h
      Source file:   Device/StdPeriph_Driver/templates/stm32f10x_it.c

   * Component: Keil::Device:StdPeriph Drivers:GPIO:3.6.0
      Include file:  Device/StdPeriph_Driver/inc/stm32f10x_gpio.h
      Source file:   Device/StdPeriph_Driver/src/stm32f10x_gpio.c

   * Component: Keil::Device:StdPeriph Drivers:I2C:3.6.0
      Include file:  Device/StdPeriph_Driver/inc/stm32f10x_i2c.h
      Source file:   Device/StdPeriph_Driver/src/stm32f10x_i2c.c

   * Component: Keil::Device:StdPeriph Drivers:IWDG:3.6.0
      Include file:  Device/StdPeriph_Driver/inc/stm32f10x_iwdg.h
      Source file:   Device/StdPeriph_Driver/src/stm32f10x_iwdg.c

   * Component: Keil::Device:StdPeriph Drivers:PWR:3.6.0
      Include file:  Device/StdPeriph_Driver/inc/stm32f10x_pwr.h
      Source file:   Device/StdPeriph_Driver/src/stm32f10x_pwr.c

   * Component: Keil::Device:StdPeriph Drivers:RCC:3.6.0
      Source file:   Device/StdPeriph_Driver/src/stm32f10x_rcc.c
      Include file:  Device/StdPeriph_Driver/inc/stm32f10x_rcc.h

   * Component: Keil::Device:StdPeriph Drivers:RTC:3.6.0
      Source file:   Device/StdPeriph_Driver/src/stm32f10x_rtc.c
      Include file:  Device/StdPeriph_Driver/inc/stm32f10x_rtc.h

   * Component: Keil::Device:StdPeriph Drivers:SDIO:3.6.0
      Include file:  Device/StdPeriph_Driver/inc/stm32f10x_sdio.h
      Source file:   Device/StdPeriph_Driver/src/stm32f10x_sdio.c

   * Component: Keil::Device:StdPeriph Drivers:SPI:3.6.0
      Source file:   Device/StdPeriph_Driver/src/stm32f10x_spi.c
      Include file:  Device/StdPeriph_Driver/inc/stm32f10x_spi.h

   * Component: Keil::Device:StdPeriph Drivers:TIM:3.6.0
      Source file:   Device/StdPeriph_Driver/src/stm32f10x_tim.c
      Include file:  Device/StdPeriph_Driver/inc/stm32f10x_tim.h

   * Component: Keil::Device:StdPeriph Drivers:USART:3.6.0
      Include file:  Device/StdPeriph_Driver/inc/stm32f10x_usart.h
      Source file:   Device/StdPeriph_Driver/src/stm32f10x_usart.c

   * Component: Keil::Device:StdPeriph Drivers:WWDG:3.6.0
      Include file:  Device/StdPeriph_Driver/inc/stm32f10x_wwdg.h
      Source file:   Device/StdPeriph_Driver/src/stm32f10x_wwdg.c
Build Time Elapsed:  00:00:01
</pre>
</body>
</html>
